
24.87.194.44 - - [30/Mar/2015:07:25:10 +0800] "POST /auth/register HTTP/1.1" 500 5 "http://nucoj.com/auth/register" "Mozilla/5.0 (Macintosh; Intel Mac OS X 10_9_5) AppleWebKit/537.36 (KHTML, like Gecko) Chrome/41.0.2272.101 Safari/537.36"
24.87.194.44 - - [30/Mar/2015:07:25:19 +0800] "POST /auth/register HTTP/1.1" 500 5 "http://nucoj.com/auth/register" "Mozilla/5.0 (Macintosh; Intel Mac OS X 10_9_5) AppleWebKit/537.36 (KHTML, like Gecko) Chrome/41.0.2272.101 Safari/537.36"
24.87.194.44 - - [30/Mar/2015:07:25:28 +0800] "POST /auth/register HTTP/1.1" 500 5 "http://nucoj.com/auth/register" "Mozilla/5.0 (Macintosh; Intel Mac OS X 10_9_5) AppleWebKit/537.36 (KHTML, like Gecko) Chrome/41.0.2272.101 Safari/537.36"
24.87.194.44 - - [30/Mar/2015:07:25:32 +0800] "GET / HTTP/1.1" 500 5 "-" "Mozilla/5.0 (Macintosh; Intel Mac OS X 10_9_5) AppleWebKit/537.36 (KHTML, like Gecko) Chrome/41.0.2272.101 Safari/537.36"
24.87.194.44 - - [30/Mar/2015:07:25:33 +0800] "GET / HTTP/1.1" 500 5 "-" "Mozilla/5.0 (Macintosh; Intel Mac OS X 10_9_5) AppleWebKit/537.36 (KHTML, like Gecko) Chrome/41.0.2272.101 Safari/537.36"
24.87.194.44 - - [30/Mar/2015:07:25:35 +0800] "GET /home HTTP/1.1" 500 5 "-" "Mozilla/5.0 (Macintosh; Intel Mac OS X 10_9_5) AppleWebKit/537.36 (KHTML, like Gecko) Chrome/41.0.2272.101 Safari/537.36"
24.87.194.44 - - [30/Mar/2015:07:25:46 +0800] "GET /home HTTP/1.1" 302 364 "-" "Mozilla/5.0 (Macintosh; Intel Mac OS X 10_9_5) AppleWebKit/537.36 (KHTML, like Gecko) Chrome/41.0.2272.101 Safari/537.36"
24.87.194.44 - - [30/Mar/2015:07:25:46 +0800] "GET /auth/login HTTP/1.1" 200 1286 "-" "Mozilla/5.0 (Macintosh; Intel Mac OS X 10_9_5) AppleWebKit/537.36 (KHTML, like Gecko) Chrome/41.0.2272.101 Safari/537.36"
24.87.194.44 - - [30/Mar/2015:07:25:47 +0800] "GET /css/app.css HTTP/1.1" 200 130943 "http://nucoj.com/auth/login" "Mozilla/5.0 (Macintosh; Intel Mac OS X 10_9_5) AppleWebKit/537.36 (KHTML, like Gecko) Chrome/41.0.2272.101 Safari/537.36"
24.87.194.44 - - [30/Mar/2015:07:27:23 +0800] "GET / HTTP/1.1" 500 5 "-" "Mozilla/5.0 (Macintosh; Intel Mac OS X 10_9_5) AppleWebKit/537.36 (KHTML, like Gecko) Chrome/41.0.2272.101 Safari/537.36"
24.87.194.44 - - [30/Mar/2015:07:27:27 +0800] "GET /home HTTP/1.1" 500 5 "-" "Mozilla/5.0 (Macintosh; Intel Mac OS X 10_9_5) AppleWebKit/537.36 (KHTML, like Gecko) Chrome/41.0.2272.101 Safari/537.36"
24.87.194.44 - - [30/Mar/2015:07:27:29 +0800] "GET /home HTTP/1.1" 500 5 "-" "Mozilla/5.0 (Macintosh; Intel Mac OS X 10_9_5) AppleWebKit/537.36 (KHTML, like Gecko) Chrome/41.0.2272.101 Safari/537.36"
24.87.194.44 - - [30/Mar/2015:07:27:41 +0800] "GET /home HTTP/1.1" 302 364 "-" "Mozilla/5.0 (Macintosh; Intel Mac OS X 10_9_5) AppleWebKit/537.36 (KHTML, like Gecko) Chrome/41.0.2272.101 Safari/537.36"
24.87.194.44 - - [30/Mar/2015:07:27:42 +0800] "GET /auth/login HTTP/1.1" 200 1286 "-" "Mozilla/5.0 (Macintosh; Intel Mac OS X 10_9_5) AppleWebKit/537.36 (KHTML, like Gecko) Chrome/41.0.2272.101 Safari/537.36"
24.87.194.44 - - [30/Mar/2015:07:27:42 +0800] "GET /css/app.css HTTP/1.1" 304 0 "http://nucoj.com/auth/login" "Mozilla/5.0 (Macintosh; Intel Mac OS X 10_9_5) AppleWebKit/537.36 (KHTML, like Gecko) Chrome/41.0.2272.101 Safari/537.36"
24.87.194.44 - - [30/Mar/2015:07:27:44 +0800] "GET /auth/register HTTP/1.1" 200 1244 "http://nucoj.com/auth/login" "Mozilla/5.0 (Macintosh; Intel Mac OS X 10_9_5) AppleWebKit/537.36 (KHTML, like Gecko) Chrome/41.0.2272.101 Safari/537.36"
24.87.194.44 - - [30/Mar/2015:07:27:53 +0800] "POST /auth/register HTTP/1.1" 302 340 "http://nucoj.com/auth/register" "Mozilla/5.0 (Macintosh; Intel Mac OS X 10_9_5) AppleWebKit/537.36 (KHTML, like Gecko) Chrome/41.0.2272.101 Safari/537.36"
24.87.194.44 - - [30/Mar/2015:07:27:54 +0800] "GET /home HTTP/1.1" 200 1011 "http://nucoj.com/auth/register" "Mozilla/5.0 (Macintosh; Intel Mac OS X 10_9_5) AppleWebKit/537.36 (KHTML, like Gecko) Chrome/41.0.2272.101 Safari/537.36"
24.87.194.44 - - [30/Mar/2015:07:27:57 +0800] "GET / HTTP/1.1" 302 340 "http://nucoj.com/home" "Mozilla/5.0 (Macintosh; Intel Mac OS X 10_9_5) AppleWebKit/537.36 (KHTML, like Gecko) Chrome/41.0.2272.101 Safari/537.36"
24.87.194.44 - - [30/Mar/2015:07:27:57 +0800] "GET /home HTTP/1.1" 200 1011 "http://nucoj.com/home" "Mozilla/5.0 (Macintosh; Intel Mac OS X 10_9_5) AppleWebKit/537.36 (KHTML, like Gecko) Chrome/41.0.2272.101 Safari/537.36"
180.76.5.22 - - [30/Mar/2015:07:30:06 +0800] "GET /problem/stat?id=1066 HTTP/1.1" 404 2476 "-" "Mozilla/5.0 (compatible; Baiduspider/2.0; +http://www.baidu.com/search/spider.html)"
180.76.5.151 - - [30/Mar/2015:07:35:08 +0800] "GET /problem/stat/2017?language=0 HTTP/1.1" 404 2476 "-" "Mozilla/5.0 (compatible; Baiduspider/2.0; +http://www.baidu.com/search/spider.html)"
180.76.6.37 - - [30/Mar/2015:07:40:10 +0800] "GET /problem/stat/1020?orderby=mem&l= HTTP/1.1" 404 2476 "-" "Mozilla/5.0 (compatible; Baiduspider/2.0; +http://www.baidu.com/search/spider.html)"
24.87.194.44 - - [30/Mar/2015:07:40:18 +0800] "GET / HTTP/1.1" 302 340 "http://nucoj.com/home" "Mozilla/5.0 (Macintosh; Intel Mac OS X 10_9_5) AppleWebKit/537.36 (KHTML, like Gecko) Chrome/41.0.2272.101 Safari/537.36"
24.87.194.44 - - [30/Mar/2015:07:40:19 +0800] "GET /home HTTP/1.1" 200 1011 "http://nucoj.com/home" "Mozilla/5.0 (Macintosh; Intel Mac OS X 10_9_5) AppleWebKit/537.36 (KHTML, like Gecko) Chrome/41.0.2272.101 Safari/537.36"
24.87.194.44 - - [30/Mar/2015:07:40:19 +0800] "GET /css/app.css HTTP/1.1" 304 0 "http://nucoj.com/home" "Mozilla/5.0 (Macintosh; Intel Mac OS X 10_9_5) AppleWebKit/537.36 (KHTML, like Gecko) Chrome/41.0.2272.101 Safari/537.36"
24.87.194.44 - - [30/Mar/2015:07:43:26 +0800] "GET /home HTTP/1.1" 200 1022 "http://nucoj.com/home" "Mozilla/5.0 (Macintosh; Intel Mac OS X 10_9_5) AppleWebKit/537.36 (KHTML, like Gecko) Chrome/41.0.2272.101 Safari/537.36"
24.87.194.44 - - [30/Mar/2015:07:43:27 +0800] "GET /css/app.css HTTP/1.1" 200 130943 "http://nucoj.com/home" "Mozilla/5.0 (Macintosh; Intel Mac OS X 10_9_5) AppleWebKit/537.36 (KHTML, like Gecko) Chrome/41.0.2272.101 Safari/537.36"
66.249.71.192 - - [30/Mar/2015:07:44:27 +0800] "GET /problem/search?field=source&key=USACO+2003+February+Green HTTP/1.1" 404 2476 "-" "Mozilla/5.0 (compatible; Googlebot/2.1; +http://www.google.com/bot.html)"
24.87.194.44 - - [30/Mar/2015:07:44:53 +0800] "GET /home HTTP/1.1" 200 1022 "http://nucoj.com/home" "Mozilla/5.0 (Macintosh; Intel Mac OS X 10_9_5) AppleWebKit/537.36 (KHTML, like Gecko) Chrome/41.0.2272.101 Safari/537.36"
24.87.194.44 - - [30/Mar/2015:07:44:54 +0800] "GET /css/app.css HTTP/1.1" 200 130943 "http://nucoj.com/home" "Mozilla/5.0 (Macintosh; Intel Mac OS X 10_9_5) AppleWebKit/537.36 (KHTML, like Gecko) Chrome/41.0.2272.101 Safari/537.36"
24.87.194.44 - - [30/Mar/2015:07:44:57 +0800] "GET / HTTP/1.1" 302 340 "http://nucoj.com/home" "Mozilla/5.0 (Macintosh; Intel Mac OS X 10_9_5) AppleWebKit/537.36 (KHTML, like Gecko) Chrome/41.0.2272.101 Safari/537.36"
24.87.194.44 - - [30/Mar/2015:07:44:57 +0800] "GET /home HTTP/1.1" 200 1022 "http://nucoj.com/home" "Mozilla/5.0 (Macintosh; Intel Mac OS X 10_9_5) AppleWebKit/537.36 (KHTML, like Gecko) Chrome/41.0.2272.101 Safari/537.36"
24.87.194.44 - - [30/Mar/2015:07:44:58 +0800] "GET /css/app.css HTTP/1.1" 200 130943 "http://nucoj.com/home" "Mozilla/5.0 (Macintosh; Intel Mac OS X 10_9_5) AppleWebKit/537.36 (KHTML, like Gecko) Chrome/41.0.2272.101 Safari/537.36"
180.76.5.148 - - [30/Mar/2015:07:45:12 +0800] "GET /problem/stat/1550?orderby=len&l= HTTP/1.1" 404 2476 "-" "Mozilla/5.0 (compatible; Baiduspider/2.0; +http://www.baidu.com/search/spider.html)"
24.87.194.44 - - [30/Mar/2015:07:45:48 +0800] "GET /home HTTP/1.1" 200 1022 "http://nucoj.com/home" "Mozilla/5.0 (Macintosh; Intel Mac OS X 10_9_5) AppleWebKit/537.36 (KHTML, like Gecko) Chrome/41.0.2272.101 Safari/537.36"
24.87.194.44 - - [30/Mar/2015:07:45:49 +0800] "GET /css/app.css HTTP/1.1" 200 130943 "http://nucoj.com/home" "Mozilla/5.0 (Macintosh; Intel Mac OS X 10_9_5) AppleWebKit/537.36 (KHTML, like Gecko) Chrome/41.0.2272.101 Safari/537.36"
24.87.194.44 - - [30/Mar/2015:07:45:50 +0800] "GET /home HTTP/1.1" 200 1022 "http://nucoj.com/home" "Mozilla/5.0 (Macintosh; Intel Mac OS X 10_9_5) AppleWebKit/537.36 (KHTML, like Gecko) Chrome/41.0.2272.101 Safari/537.36"
24.87.194.44 - - [30/Mar/2015:07:45:51 +0800] "GET /css/app.css HTTP/1.1" 200 130943 "http://nucoj.com/home" "Mozilla/5.0 (Macintosh; Intel Mac OS X 10_9_5) AppleWebKit/537.36 (KHTML, like Gecko) Chrome/41.0.2272.101 Safari/537.36"
24.87.194.44 - - [30/Mar/2015:07:45:59 +0800] "GET /home HTTP/1.1" 200 1022 "http://nucoj.com/home" "Mozilla/5.0 (Macintosh; Intel Mac OS X 10_9_5) AppleWebKit/537.36 (KHTML, like Gecko) Chrome/41.0.2272.101 Safari/537.36"
24.87.194.44 - - [30/Mar/2015:07:46:00 +0800] "GET /css/app.css HTTP/1.1" 200 130943 "http://nucoj.com/home" "Mozilla/5.0 (Macintosh; Intel Mac OS X 10_9_5) AppleWebKit/537.36 (KHTML, like Gecko) Chrome/41.0.2272.101 Safari/537.36"
24.87.194.44 - - [30/Mar/2015:07:46:01 +0800] "GET /home HTTP/1.1" 200 1022 "http://nucoj.com/home" "Mozilla/5.0 (Macintosh; Intel Mac OS X 10_9_5) AppleWebKit/537.36 (KHTML, like Gecko) Chrome/41.0.2272.101 Safari/537.36"
24.87.194.44 - - [30/Mar/2015:07:46:02 +0800] "GET /css/app.css HTTP/1.1" 200 130943 "http://nucoj.com/home" "Mozilla/5.0 (Macintosh; Intel Mac OS X 10_9_5) AppleWebKit/537.36 (KHTML, like Gecko) Chrome/41.0.2272.101 Safari/537.36"
66.249.71.209 - - [30/Mar/2015:07:47:28 +0800] "GET /problem/search?field=source&key=ACPC+2009 HTTP/1.1" 404 2476 "-" "Mozilla/5.0 (iPhone; CPU iPhone OS 6_0 like Mac OS X) AppleWebKit/536.26 (KHTML, like Gecko) Version/6.0 Mobile/10A5376e Safari/8536.25 (compatible; Googlebot/2.1; +http://www.google.com/bot.html)"
24.87.194.44 - - [30/Mar/2015:07:49:00 +0800] "GET /home HTTP/1.1" 200 1022 "http://nucoj.com/home" "Mozilla/5.0 (Macintosh; Intel Mac OS X 10_9_5) AppleWebKit/537.36 (KHTML, like Gecko) Chrome/41.0.2272.101 Safari/537.36"
24.87.194.44 - - [30/Mar/2015:07:49:01 +0800] "GET /css/app.css HTTP/1.1" 200 130943 "http://nucoj.com/home" "Mozilla/5.0 (Macintosh; Intel Mac OS X 10_9_5) AppleWebKit/537.36 (KHTML, like Gecko) Chrome/41.0.2272.101 Safari/537.36"
24.87.194.44 - - [30/Mar/2015:07:49:09 +0800] "GET /home HTTP/1.1" 200 1022 "http://nucoj.com/home" "Mozilla/5.0 (Macintosh; Intel Mac OS X 10_9_5) AppleWebKit/537.36 (KHTML, like Gecko) Chrome/41.0.2272.101 Safari/537.36"
24.87.194.44 - - [30/Mar/2015:07:49:10 +0800] "GET /css/app.css HTTP/1.1" 200 130943 "http://nucoj.com/home" "Mozilla/5.0 (Macintosh; Intel Mac OS X 10_9_5) AppleWebKit/537.36 (KHTML, like Gecko) Chrome/41.0.2272.101 Safari/537.36"
180.76.5.71 - - [30/Mar/2015:07:50:14 +0800] "GET /problem/stat/1547?orderby=len&l= HTTP/1.1" 404 2476 "-" "Mozilla/5.0 (compatible; Baiduspider/2.0; +http://www.baidu.com/search/spider.html)"
24.87.194.44 - - [30/Mar/2015:07:52:10 +0800] "GET /home HTTP/1.1" 200 1022 "http://nucoj.com/home" "Mozilla/5.0 (Macintosh; Intel Mac OS X 10_9_5) AppleWebKit/537.36 (KHTML, like Gecko) Chrome/41.0.2272.101 Safari/537.36"
24.87.194.44 - - [30/Mar/2015:07:52:10 +0800] "GET /css/app.css HTTP/1.1" 200 130988 "http://nucoj.com/home" "Mozilla/5.0 (Macintosh; Intel Mac OS X 10_9_5) AppleWebKit/537.36 (KHTML, like Gecko) Chrome/41.0.2272.101 Safari/537.36"
24.87.194.44 - - [30/Mar/2015:07:52:11 +0800] "GET /css/app.css.map HTTP/1.1" 200 223022 "http://nucoj.com/home" "Mozilla/5.0 (Macintosh; Intel Mac OS X 10_9_5) AppleWebKit/537.36 (KHTML, like Gecko) Chrome/41.0.2272.101 Safari/537.36"
24.87.194.44 - - [30/Mar/2015:07:52:16 +0800] "GET /home HTTP/1.1" 200 1022 "http://nucoj.com/home" "Mozilla/5.0 (Macintosh; Intel Mac OS X 10_9_5) AppleWebKit/537.36 (KHTML, like Gecko) Chrome/41.0.2272.101 Safari/537.36"
24.87.194.44 - - [30/Mar/2015:07:52:17 +0800] "GET /css/app.css HTTP/1.1" 200 130988 "http://nucoj.com/home" "Mozilla/5.0 (Macintosh; Intel Mac OS X 10_9_5) AppleWebKit/537.36 (KHTML, like Gecko) Chrome/41.0.2272.101 Safari/537.36"
24.87.194.44 - - [30/Mar/2015:07:52:17 +0800] "GET /css/app.css.map HTTP/1.1" 200 223022 "http://nucoj.com/home" "Mozilla/5.0 (Macintosh; Intel Mac OS X 10_9_5) AppleWebKit/537.36 (KHTML, like Gecko) Chrome/41.0.2272.101 Safari/537.36"
24.87.194.44 - - [30/Mar/2015:07:52:18 +0800] "GET /home HTTP/1.1" 200 1022 "http://nucoj.com/home" "Mozilla/5.0 (Macintosh; Intel Mac OS X 10_9_5) AppleWebKit/537.36 (KHTML, like Gecko) Chrome/41.0.2272.101 Safari/537.36"
24.87.194.44 - - [30/Mar/2015:07:52:18 +0800] "GET /css/app.css HTTP/1.1" 200 130988 "http://nucoj.com/home" "Mozilla/5.0 (Macintosh; Intel Mac OS X 10_9_5) AppleWebKit/537.36 (KHTML, like Gecko) Chrome/41.0.2272.101 Safari/537.36"
24.87.194.44 - - [30/Mar/2015:07:52:19 +0800] "GET /css/app.css.map HTTP/1.1" 200 223022 "http://nucoj.com/home" "Mozilla/5.0 (Macintosh; Intel Mac OS X 10_9_5) AppleWebKit/537.36 (KHTML, like Gecko) Chrome/41.0.2272.101 Safari/537.36"
24.87.194.44 - - [30/Mar/2015:07:53:54 +0800] "GET /home HTTP/1.1" 200 1022 "http://nucoj.com/home" "Mozilla/5.0 (Macintosh; Intel Mac OS X 10_9_5) AppleWebKit/537.36 (KHTML, like Gecko) Chrome/41.0.2272.101 Safari/537.36"
24.87.194.44 - - [30/Mar/2015:07:53:54 +0800] "GET /css/app.css HTTP/1.1" 200 130979 "http://nucoj.com/home" "Mozilla/5.0 (Macintosh; Intel Mac OS X 10_9_5) AppleWebKit/537.36 (KHTML, like Gecko) Chrome/41.0.2272.101 Safari/537.36"
24.87.194.44 - - [30/Mar/2015:07:53:55 +0800] "GET /css/app.css.map HTTP/1.1" 200 223022 "http://nucoj.com/home" "Mozilla/5.0 (Macintosh; Intel Mac OS X 10_9_5) AppleWebKit/537.36 (KHTML, like Gecko) Chrome/41.0.2272.101 Safari/537.36"
180.76.6.55 - - [30/Mar/2015:07:55:17 +0800] "GET /problem/stat/2068?language=1 HTTP/1.1" 404 2476 "-" "Mozilla/5.0 (compatible; Baiduspider/2.0; +http://www.baidu.com/search/spider.html)"
24.87.194.44 - - [30/Mar/2015:07:55:26 +0800] "GET /home HTTP/1.1" 200 1022 "http://nucoj.com/home" "Mozilla/5.0 (Macintosh; Intel Mac OS X 10_9_5) AppleWebKit/537.36 (KHTML, like Gecko) Chrome/41.0.2272.101 Safari/537.36"
24.87.194.44 - - [30/Mar/2015:07:55:26 +0800] "GET /css/app.css HTTP/1.1" 200 131003 "http://nucoj.com/home" "Mozilla/5.0 (Macintosh; Intel Mac OS X 10_9_5) AppleWebKit/537.36 (KHTML, like Gecko) Chrome/41.0.2272.101 Safari/537.36"
24.87.194.44 - - [30/Mar/2015:07:55:27 +0800] "GET /css/app.css.map HTTP/1.1" 200 223022 "http://nucoj.com/home" "Mozilla/5.0 (Macintosh; Intel Mac OS X 10_9_5) AppleWebKit/537.36 (KHTML, like Gecko) Chrome/41.0.2272.101 Safari/537.36"
24.87.194.44 - - [30/Mar/2015:07:57:56 +0800] "GET /home HTTP/1.1" 200 1022 "http://nucoj.com/home" "Mozilla/5.0 (Macintosh; Intel Mac OS X 10_9_5) AppleWebKit/537.36 (KHTML, like Gecko) Chrome/41.0.2272.101 Safari/537.36"
24.87.194.44 - - [30/Mar/2015:07:57:57 +0800] "GET /css/app.css HTTP/1.1" 200 120017 "http://nucoj.com/home" "Mozilla/5.0 (Macintosh; Intel Mac OS X 10_9_5) AppleWebKit/537.36 (KHTML, like Gecko) Chrome/41.0.2272.101 Safari/537.36"
24.87.194.44 - - [30/Mar/2015:07:57:58 +0800] "GET /css/app.css.map HTTP/1.1" 200 212886 "http://nucoj.com/home" "Mozilla/5.0 (Macintosh; Intel Mac OS X 10_9_5) AppleWebKit/537.36 (KHTML, like Gecko) Chrome/41.0.2272.101 Safari/537.36"
24.87.194.44 - - [30/Mar/2015:07:58:38 +0800] "GET /home HTTP/1.1" 200 1022 "http://nucoj.com/home" "Mozilla/5.0 (Macintosh; Intel Mac OS X 10_9_5) AppleWebKit/537.36 (KHTML, like Gecko) Chrome/41.0.2272.101 Safari/537.36"
24.87.194.44 - - [30/Mar/2015:07:58:39 +0800] "GET /css/app.css HTTP/1.1" 200 120017 "http://nucoj.com/home" "Mozilla/5.0 (Macintosh; Intel Mac OS X 10_9_5) AppleWebKit/537.36 (KHTML, like Gecko) Chrome/41.0.2272.101 Safari/537.36"
24.87.194.44 - - [30/Mar/2015:07:58:39 +0800] "GET /css/app.css.map HTTP/1.1" 200 212886 "http://nucoj.com/home" "Mozilla/5.0 (Macintosh; Intel Mac OS X 10_9_5) AppleWebKit/537.36 (KHTML, like Gecko) Chrome/41.0.2272.101 Safari/537.36"
24.87.194.44 - - [30/Mar/2015:07:58:46 +0800] "GET /home HTTP/1.1" 200 1022 "http://nucoj.com/home" "Mozilla/5.0 (Macintosh; Intel Mac OS X 10_9_5) AppleWebKit/537.36 (KHTML, like Gecko) Chrome/41.0.2272.101 Safari/537.36"
24.87.194.44 - - [30/Mar/2015:07:58:46 +0800] "GET /css/app.css HTTP/1.1" 200 120017 "http://nucoj.com/home" "Mozilla/5.0 (Macintosh; Intel Mac OS X 10_9_5) AppleWebKit/537.36 (KHTML, like Gecko) Chrome/41.0.2272.101 Safari/537.36"
24.87.194.44 - - [30/Mar/2015:07:58:47 +0800] "GET /css/app.css.map HTTP/1.1" 200 212886 "http://nucoj.com/home" "Mozilla/5.0 (Macintosh; Intel Mac OS X 10_9_5) AppleWebKit/537.36 (KHTML, like Gecko) Chrome/41.0.2272.101 Safari/537.36"
24.87.194.44 - - [30/Mar/2015:07:59:09 +0800] "GET /home HTTP/1.1" 200 1022 "http://nucoj.com/home" "Mozilla/5.0 (Macintosh; Intel Mac OS X 10_9_5) AppleWebKit/537.36 (KHTML, like Gecko) Chrome/41.0.2272.101 Safari/537.36"
24.87.194.44 - - [30/Mar/2015:07:59:10 +0800] "GET /css/app.css HTTP/1.1" 200 130979 "http://nucoj.com/home" "Mozilla/5.0 (Macintosh; Intel Mac OS X 10_9_5) AppleWebKit/537.36 (KHTML, like Gecko) Chrome/41.0.2272.101 Safari/537.36"
24.87.194.44 - - [30/Mar/2015:07:59:10 +0800] "GET /css/app.css.map HTTP/1.1" 200 223020 "http://nucoj.com/home" "Mozilla/5.0 (Macintosh; Intel Mac OS X 10_9_5) AppleWebKit/537.36 (KHTML, like Gecko) Chrome/41.0.2272.101 Safari/537.36"
180.76.6.20 - - [30/Mar/2015:08:00:19 +0800] "GET /problem/stat/1607?language=1 HTTP/1.1" 404 2476 "-" "Mozilla/5.0 (compatible; Baiduspider/2.0; +http://www.baidu.com/search/spider.html)"
180.76.5.147 - - [30/Mar/2015:08:05:20 +0800] "GET /problem/stat/1166?language=-1 HTTP/1.1" 404 2476 "-" "Mozilla/5.0 (compatible; Baiduspider/2.0; +http://www.baidu.com/search/spider.html)"
24.87.194.44 - - [30/Mar/2015:08:05:44 +0800] "GET /home HTTP/1.1" 200 1022 "http://nucoj.com/home" "Mozilla/5.0 (Macintosh; Intel Mac OS X 10_9_5) AppleWebKit/537.36 (KHTML, like Gecko) Chrome/41.0.2272.101 Safari/537.36"
24.87.194.44 - - [30/Mar/2015:08:05:44 +0800] "GET /css/app.css HTTP/1.1" 200 130979 "http://nucoj.com/home" "Mozilla/5.0 (Macintosh; Intel Mac OS X 10_9_5) AppleWebKit/537.36 (KHTML, like Gecko) Chrome/41.0.2272.101 Safari/537.36"
24.87.194.44 - - [30/Mar/2015:08:05:45 +0800] "GET /css/app.css.map HTTP/1.1" 200 223020 "http://nucoj.com/home" "Mozilla/5.0 (Macintosh; Intel Mac OS X 10_9_5) AppleWebKit/537.36 (KHTML, like Gecko) Chrome/41.0.2272.101 Safari/537.36"
180.76.6.58 - - [30/Mar/2015:08:10:23 +0800] "GET /problem/stat/2090?orderby=mem&l= HTTP/1.1" 404 2476 "-" "Mozilla/5.0 (compatible; Baiduspider/2.0; +http://www.baidu.com/search/spider.html)"
66.249.71.209 - - [30/Mar/2015:08:13:39 +0800] "GET /problem/stat/1198?orderby=len&l= HTTP/1.1" 404 2476 "-" "Mozilla/5.0 (compatible; Googlebot/2.1; +http://www.google.com/bot.html)"
24.87.194.44 - - [30/Mar/2015:08:14:23 +0800] "GET /home HTTP/1.1" 200 1022 "http://nucoj.com/home" "Mozilla/5.0 (Macintosh; Intel Mac OS X 10_9_5) AppleWebKit/537.36 (KHTML, like Gecko) Chrome/41.0.2272.101 Safari/537.36"
24.87.194.44 - - [30/Mar/2015:08:14:24 +0800] "GET /css/app.css HTTP/1.1" 200 130979 "http://nucoj.com/home" "Mozilla/5.0 (Macintosh; Intel Mac OS X 10_9_5) AppleWebKit/537.36 (KHTML, like Gecko) Chrome/41.0.2272.101 Safari/537.36"
24.87.194.44 - - [30/Mar/2015:08:14:24 +0800] "GET /css/app.css.map HTTP/1.1" 200 223020 "http://nucoj.com/home" "Mozilla/5.0 (Macintosh; Intel Mac OS X 10_9_5) AppleWebKit/537.36 (KHTML, like Gecko) Chrome/41.0.2272.101 Safari/537.36"
180.76.6.138 - - [30/Mar/2015:08:15:25 +0800] "GET /problem/p/1488/cutting-a-polygon HTTP/1.1" 404 2476 "-" "Mozilla/5.0 (compatible; Baiduspider/2.0; +http://www.baidu.com/search/spider.html)"
24.87.194.44 - - [30/Mar/2015:08:16:11 +0800] "GET /home HTTP/1.1" 200 1022 "http://nucoj.com/home" "Mozilla/5.0 (Macintosh; Intel Mac OS X 10_9_5) AppleWebKit/537.36 (KHTML, like Gecko) Chrome/41.0.2272.101 Safari/537.36"
24.87.194.44 - - [30/Mar/2015:08:16:12 +0800] "GET /css/app.css HTTP/1.1" 200 130979 "http://nucoj.com/home" "Mozilla/5.0 (Macintosh; Intel Mac OS X 10_9_5) AppleWebKit/537.36 (KHTML, like Gecko) Chrome/41.0.2272.101 Safari/537.36"
24.87.194.44 - - [30/Mar/2015:08:16:12 +0800] "GET /css/app.css.map HTTP/1.1" 200 223020 "http://nucoj.com/home" "Mozilla/5.0 (Macintosh; Intel Mac OS X 10_9_5) AppleWebKit/537.36 (KHTML, like Gecko) Chrome/41.0.2272.101 Safari/537.36"
24.87.194.44 - - [30/Mar/2015:08:16:57 +0800] "GET /home HTTP/1.1" 200 1022 "http://nucoj.com/home" "Mozilla/5.0 (Macintosh; Intel Mac OS X 10_9_5) AppleWebKit/537.36 (KHTML, like Gecko) Chrome/41.0.2272.101 Safari/537.36"
24.87.194.44 - - [30/Mar/2015:08:16:57 +0800] "GET /css/app.css HTTP/1.1" 200 120017 "http://nucoj.com/home" "Mozilla/5.0 (Macintosh; Intel Mac OS X 10_9_5) AppleWebKit/537.36 (KHTML, like Gecko) Chrome/41.0.2272.101 Safari/537.36"
24.87.194.44 - - [30/Mar/2015:08:16:58 +0800] "GET /css/app.css.map HTTP/1.1" 200 212886 "http://nucoj.com/home" "Mozilla/5.0 (Macintosh; Intel Mac OS X 10_9_5) AppleWebKit/537.36 (KHTML, like Gecko) Chrome/41.0.2272.101 Safari/537.36"
24.87.194.44 - - [30/Mar/2015:08:16:59 +0800] "GET /home HTTP/1.1" 200 1022 "http://nucoj.com/home" "Mozilla/5.0 (Macintosh; Intel Mac OS X 10_9_5) AppleWebKit/537.36 (KHTML, like Gecko) Chrome/41.0.2272.101 Safari/537.36"
24.87.194.44 - - [30/Mar/2015:08:17:00 +0800] "GET /css/app.css HTTP/1.1" 200 120017 "http://nucoj.com/home" "Mozilla/5.0 (Macintosh; Intel Mac OS X 10_9_5) AppleWebKit/537.36 (KHTML, like Gecko) Chrome/41.0.2272.101 Safari/537.36"
24.87.194.44 - - [30/Mar/2015:08:17:00 +0800] "GET /css/app.css.map HTTP/1.1" 200 212886 "http://nucoj.com/home" "Mozilla/5.0 (Macintosh; Intel Mac OS X 10_9_5) AppleWebKit/537.36 (KHTML, like Gecko) Chrome/41.0.2272.101 Safari/537.36"
24.87.194.44 - - [30/Mar/2015:08:17:05 +0800] "GET /home HTTP/1.1" 200 1022 "http://nucoj.com/home" "Mozilla/5.0 (Macintosh; Intel Mac OS X 10_9_5) AppleWebKit/537.36 (KHTML, like Gecko) Chrome/41.0.2272.101 Safari/537.36"
24.87.194.44 - - [30/Mar/2015:08:17:05 +0800] "GET /css/app.css HTTP/1.1" 200 120017 "http://nucoj.com/home" "Mozilla/5.0 (Macintosh; Intel Mac OS X 10_9_5) AppleWebKit/537.36 (KHTML, like Gecko) Chrome/41.0.2272.101 Safari/537.36"
24.87.194.44 - - [30/Mar/2015:08:17:06 +0800] "GET /css/app.css.map HTTP/1.1" 200 212886 "http://nucoj.com/home" "Mozilla/5.0 (Macintosh; Intel Mac OS X 10_9_5) AppleWebKit/537.36 (KHTML, like Gecko) Chrome/41.0.2272.101 Safari/537.36"
24.87.194.44 - - [30/Mar/2015:08:17:15 +0800] "GET /home HTTP/1.1" 200 1022 "http://nucoj.com/home" "Mozilla/5.0 (Macintosh; Intel Mac OS X 10_9_5) AppleWebKit/537.36 (KHTML, like Gecko) Chrome/41.0.2272.101 Safari/537.36"
24.87.194.44 - - [30/Mar/2015:08:17:15 +0800] "GET /css/app.css HTTP/1.1" 200 130979 "http://nucoj.com/home" "Mozilla/5.0 (Macintosh; Intel Mac OS X 10_9_5) AppleWebKit/537.36 (KHTML, like Gecko) Chrome/41.0.2272.101 Safari/537.36"
24.87.194.44 - - [30/Mar/2015:08:17:16 +0800] "GET /css/app.css.map HTTP/1.1" 200 223018 "http://nucoj.com/home" "Mozilla/5.0 (Macintosh; Intel Mac OS X 10_9_5) AppleWebKit/537.36 (KHTML, like Gecko) Chrome/41.0.2272.101 Safari/537.36"
24.87.194.44 - - [30/Mar/2015:08:19:18 +0800] "GET /home HTTP/1.1" 200 1022 "http://nucoj.com/home" "Mozilla/5.0 (Macintosh; Intel Mac OS X 10_9_5) AppleWebKit/537.36 (KHTML, like Gecko) Chrome/41.0.2272.101 Safari/537.36"
24.87.194.44 - - [30/Mar/2015:08:19:19 +0800] "GET /css/app.css HTTP/1.1" 200 130979 "http://nucoj.com/home" "Mozilla/5.0 (Macintosh; Intel Mac OS X 10_9_5) AppleWebKit/537.36 (KHTML, like Gecko) Chrome/41.0.2272.101 Safari/537.36"
24.87.194.44 - - [30/Mar/2015:08:19:19 +0800] "GET /css/app.css.map HTTP/1.1" 200 223018 "http://nucoj.com/home" "Mozilla/5.0 (Macintosh; Intel Mac OS X 10_9_5) AppleWebKit/537.36 (KHTML, like Gecko) Chrome/41.0.2272.101 Safari/537.36"
180.76.6.50 - - [30/Mar/2015:08:20:27 +0800] "GET /problem/p/1627/a-puzzling-problem HTTP/1.1" 404 2476 "-" "Mozilla/5.0 (compatible; Baiduspider/2.0; +http://www.baidu.com/search/spider.html)"
24.87.194.44 - - [30/Mar/2015:08:25:22 +0800] "GET /home HTTP/1.1" 200 1022 "http://nucoj.com/home" "Mozilla/5.0 (Macintosh; Intel Mac OS X 10_9_5) AppleWebKit/537.36 (KHTML, like Gecko) Chrome/41.0.2272.101 Safari/537.36"
24.87.194.44 - - [30/Mar/2015:08:25:23 +0800] "GET /css/app.css HTTP/1.1" 200 130979 "http://nucoj.com/home" "Mozilla/5.0 (Macintosh; Intel Mac OS X 10_9_5) AppleWebKit/537.36 (KHTML, like Gecko) Chrome/41.0.2272.101 Safari/537.36"
24.87.194.44 - - [30/Mar/2015:08:25:24 +0800] "GET /css/app.css.map HTTP/1.1" 200 223018 "http://nucoj.com/home" "Mozilla/5.0 (Macintosh; Intel Mac OS X 10_9_5) AppleWebKit/537.36 (KHTML, like Gecko) Chrome/41.0.2272.101 Safari/537.36"
180.76.5.58 - - [30/Mar/2015:08:25:29 +0800] "GET /submit/?pid=2041&uid=2269&result=0 HTTP/1.1" 404 2476 "-" "Mozilla/5.0 (compatible; Baiduspider/2.0; +http://www.baidu.com/search/spider.html)"
180.76.6.144 - - [30/Mar/2015:08:30:31 +0800] "GET /problem/stat/2184?language=0 HTTP/1.1" 404 2476 "-" "Mozilla/5.0 (compatible; Baiduspider/2.0; +http://www.baidu.com/search/spider.html)"
24.87.194.44 - - [30/Mar/2015:08:33:27 +0800] "GET /home HTTP/1.1" 200 1022 "http://nucoj.com/home" "Mozilla/5.0 (Macintosh; Intel Mac OS X 10_9_5) AppleWebKit/537.36 (KHTML, like Gecko) Chrome/41.0.2272.101 Safari/537.36"
24.87.194.44 - - [30/Mar/2015:08:33:27 +0800] "GET /css/app.css HTTP/1.1" 200 130979 "http://nucoj.com/home" "Mozilla/5.0 (Macintosh; Intel Mac OS X 10_9_5) AppleWebKit/537.36 (KHTML, like Gecko) Chrome/41.0.2272.101 Safari/537.36"
24.87.194.44 - - [30/Mar/2015:08:33:28 +0800] "GET /css/app.css.map HTTP/1.1" 200 223018 "http://nucoj.com/home" "Mozilla/5.0 (Macintosh; Intel Mac OS X 10_9_5) AppleWebKit/537.36 (KHTML, like Gecko) Chrome/41.0.2272.101 Safari/537.36"
180.76.6.14 - - [30/Mar/2015:08:35:33 +0800] "GET /problem/stat/1199?orderby=cpu&l= HTTP/1.1" 404 2476 "-" "Mozilla/5.0 (compatible; Baiduspider/2.0; +http://www.baidu.com/search/spider.html)"
66.249.71.192 - - [30/Mar/2015:08:36:04 +0800] "GET /problem/search?field=source&key=Waterloo+local+2003.07.05 HTTP/1.1" 404 2476 "-" "Mozilla/5.0 (iPhone; CPU iPhone OS 6_0 like Mac OS X) AppleWebKit/536.26 (KHTML, like Gecko) Version/6.0 Mobile/10A5376e Safari/8536.25 (compatible; Googlebot/2.1; +http://www.google.com/bot.html)"
180.76.6.60 - - [30/Mar/2015:08:40:35 +0800] "GET /problem/p/1094/slash-maze HTTP/1.1" 404 2476 "-" "Mozilla/5.0 (compatible; Baiduspider/2.0; +http://www.baidu.com/search/spider.html)"
24.87.194.44 - - [30/Mar/2015:08:40:42 +0800] "GET /home HTTP/1.1" 200 1022 "-" "Mozilla/5.0 (Macintosh; Intel Mac OS X 10_9_5) AppleWebKit/537.36 (KHTML, like Gecko) Chrome/41.0.2272.101 Safari/537.36"
24.87.194.44 - - [30/Mar/2015:08:40:43 +0800] "GET /css/app.css HTTP/1.1" 304 0 "http://nucoj.com/home" "Mozilla/5.0 (Macintosh; Intel Mac OS X 10_9_5) AppleWebKit/537.36 (KHTML, like Gecko) Chrome/41.0.2272.101 Safari/537.36"
180.76.5.27 - - [30/Mar/2015:08:45:37 +0800] "GET /problem/stat/1822?orderby=mem&l= HTTP/1.1" 404 2476 "-" "Mozilla/5.0 (compatible; Baiduspider/2.0; +http://www.baidu.com/search/spider.html)"
66.249.71.175 - - [30/Mar/2015:08:49:44 +0800] "GET /problem/search?field=source&key=ACPC+2009 HTTP/1.1" 404 2476 "-" "Mozilla/5.0 (compatible; Googlebot/2.1; +http://www.google.com/bot.html)"
24.87.194.44 - - [30/Mar/2015:08:50:39 +0800] "GET /home HTTP/1.1" 200 1015 "-" "Mozilla/5.0 (Macintosh; Intel Mac OS X 10_9_5) AppleWebKit/537.36 (KHTML, like Gecko) Chrome/41.0.2272.101 Safari/537.36"
180.76.5.152 - - [30/Mar/2015:08:50:39 +0800] "GET /problem/p/1772/anagram HTTP/1.1" 404 2476 "-" "Mozilla/5.0 (compatible; Baiduspider/2.0; +http://www.baidu.com/search/spider.html)"
24.87.194.44 - - [30/Mar/2015:08:50:40 +0800] "GET /css/app.css HTTP/1.1" 304 0 "http://nucoj.com/home" "Mozilla/5.0 (Macintosh; Intel Mac OS X 10_9_5) AppleWebKit/537.36 (KHTML, like Gecko) Chrome/41.0.2272.101 Safari/537.36"
24.87.194.44 - - [30/Mar/2015:08:50:45 +0800] "GET /home HTTP/1.1" 200 1015 "-" "Mozilla/5.0 (Macintosh; Intel Mac OS X 10_9_5) AppleWebKit/537.36 (KHTML, like Gecko) Chrome/41.0.2272.101 Safari/537.36"
24.87.194.44 - - [30/Mar/2015:08:50:45 +0800] "GET /css/app.css HTTP/1.1" 304 0 "http://nucoj.com/home" "Mozilla/5.0 (Macintosh; Intel Mac OS X 10_9_5) AppleWebKit/537.36 (KHTML, like Gecko) Chrome/41.0.2272.101 Safari/537.36"
180.76.5.67 - - [30/Mar/2015:08:55:41 +0800] "GET /problem/stat/2007?language=-1 HTTP/1.1" 404 2476 "-" "Mozilla/5.0 (compatible; Baiduspider/2.0; +http://www.baidu.com/search/spider.html)"
180.76.5.73 - - [30/Mar/2015:09:00:44 +0800] "GET /problem/stat/2034?language=0 HTTP/1.1" 404 2476 "-" "Mozilla/5.0 (compatible; Baiduspider/2.0; +http://www.baidu.com/search/spider.html)"
180.76.5.188 - - [30/Mar/2015:09:05:46 +0800] "GET /problem/p/1577/sand-castle HTTP/1.1" 404 2476 "-" "Mozilla/5.0 (compatible; Baiduspider/2.0; +http://www.baidu.com/search/spider.html)"
177.157.49.162 - - [30/Mar/2015:09:09:46 +0800] "GET / HTTP/1.1" 200 449 "http://buttons-for-website.com" "Mozilla/5.0 (Windows NT 6.1; WOW64) AppleWebKit/537.36 (KHTML, like Gecko) Chrome/36.0.1985.143 Safari/537.36"
180.76.6.148 - - [30/Mar/2015:09:15:50 +0800] "GET /problem/stat/1243?orderby=mem&l= HTTP/1.1" 404 2476 "-" "Mozilla/5.0 (compatible; Baiduspider/2.0; +http://www.baidu.com/search/spider.html)"
180.76.5.190 - - [30/Mar/2015:09:20:52 +0800] "GET /problem/p/1294/p%2cmthbgwb HTTP/1.1" 404 2476 "-" "Mozilla/5.0 (compatible; Baiduspider/2.0; +http://www.baidu.com/search/spider.html)"
66.249.71.192 - - [30/Mar/2015:09:25:22 +0800] "GET /problem/search?field=source&key=Ulm+Local+2002 HTTP/1.1" 404 2476 "-" "Mozilla/5.0 (iPhone; CPU iPhone OS 6_0 like Mac OS X) AppleWebKit/536.26 (KHTML, like Gecko) Version/6.0 Mobile/10A5376e Safari/8536.25 (compatible; Googlebot/2.1; +http://www.google.com/bot.html)"
180.76.6.52 - - [30/Mar/2015:09:25:54 +0800] "GET /problem/stat/1189?p=1&language=0 HTTP/1.1" 404 2476 "-" "Mozilla/5.0 (compatible; Baiduspider/2.0; +http://www.baidu.com/search/spider.html)"
66.249.79.57 - - [30/Mar/2015:09:29:26 +0800] "GET /problem/stat/1199?orderby=mem&l= HTTP/1.1" 404 2476 "-" "Mozilla/5.0 (compatible; Googlebot/2.1; +http://www.google.com/bot.html)"
180.76.5.190 - - [30/Mar/2015:09:30:56 +0800] "GET /problem/p/1093/date-bugs HTTP/1.1" 404 2476 "-" "Mozilla/5.0 (compatible; Baiduspider/2.0; +http://www.baidu.com/search/spider.html)"
180.76.5.173 - - [30/Mar/2015:09:35:58 +0800] "GET /problem/p/1545/fixing-codes HTTP/1.1" 404 2476 "-" "Mozilla/5.0 (compatible; Baiduspider/2.0; +http://www.baidu.com/search/spider.html)"
180.76.6.134 - - [30/Mar/2015:09:41:01 +0800] "GET /problem/stat/1938?language=-1 HTTP/1.1" 404 2476 "-" "Mozilla/5.0 (compatible; Baiduspider/2.0; +http://www.baidu.com/search/spider.html)"
180.76.5.169 - - [30/Mar/2015:09:46:02 +0800] "GET /problem/stat/1032?p=1&language=-1 HTTP/1.1" 404 2476 "-" "Mozilla/5.0 (compatible; Baiduspider/2.0; +http://www.baidu.com/search/spider.html)"
66.249.71.175 - - [30/Mar/2015:09:47:47 +0800] "GET /problem/search?field=source&key=USACO+2008+January+Bronze HTTP/1.1" 404 2476 "-" "Mozilla/5.0 (compatible; Googlebot/2.1; +http://www.google.com/bot.html)"
180.76.5.65 - - [30/Mar/2015:09:51:04 +0800] "GET /problem/stat/1078?orderby=len&l= HTTP/1.1" 404 2476 "-" "Mozilla/5.0 (compatible; Baiduspider/2.0; +http://www.baidu.com/search/spider.html)"
180.76.6.130 - - [30/Mar/2015:09:56:07 +0800] "GET /submit/?name=liyuanshuo&r=0 HTTP/1.1" 404 2476 "-" "Mozilla/5.0 (compatible; Baiduspider/2.0; +http://www.baidu.com/search/spider.html)"
180.76.6.47 - - [30/Mar/2015:10:01:09 +0800] "GET /problem/stat/1046?language=0 HTTP/1.1" 404 2476 "-" "Mozilla/5.0 (compatible; Baiduspider/2.0; +http://www.baidu.com/search/spider.html)"
180.76.5.145 - - [30/Mar/2015:10:13:14 +0800] "GET /problem/stat/1798?orderby=mem&l= HTTP/1.1" 404 2476 "-" "Mozilla/5.0 (compatible; Baiduspider/2.0; +http://www.baidu.com/search/spider.html)"
66.249.71.175 - - [30/Mar/2015:10:13:56 +0800] "GET /problem/search?field=source&key=UVA+167 HTTP/1.1" 404 2476 "-" "Mozilla/5.0 (iPhone; CPU iPhone OS 6_0 like Mac OS X) AppleWebKit/536.26 (KHTML, like Gecko) Version/6.0 Mobile/10A5376e Safari/8536.25 (compatible; Googlebot/2.1; +http://www.google.com/bot.html)"
180.76.6.51 - - [30/Mar/2015:10:23:19 +0800] "GET /problem/p/2046/serial-numbers HTTP/1.1" 404 2476 "-" "Mozilla/5.0 (compatible; Baiduspider/2.0; +http://www.baidu.com/search/spider.html)"
180.76.5.176 - - [30/Mar/2015:10:28:21 +0800] "GET /problem/stat/1290?language=1 HTTP/1.1" 404 2476 "-" "Mozilla/5.0 (compatible; Baiduspider/2.0; +http://www.baidu.com/search/spider.html)"
180.76.6.145 - - [30/Mar/2015:10:33:23 +0800] "GET /problem/stat/1377?language=0 HTTP/1.1" 404 2476 "-" "Mozilla/5.0 (compatible; Baiduspider/2.0; +http://www.baidu.com/search/spider.html)"
180.76.5.58 - - [30/Mar/2015:10:38:25 +0800] "GET /problem/stat/1537?language=-1 HTTP/1.1" 404 2476 "-" "Mozilla/5.0 (compatible; Baiduspider/2.0; +http://www.baidu.com/search/spider.html)"
66.249.71.192 - - [30/Mar/2015:10:45:14 +0800] "GET /problem/stat/1199?orderby=len&l= HTTP/1.1" 404 2476 "-" "Mozilla/5.0 (compatible; Googlebot/2.1; +http://www.google.com/bot.html)"
66.249.71.175 - - [30/Mar/2015:10:46:15 +0800] "GET /problem/search?field=source&key=UVA+524 HTTP/1.1" 404 2476 "-" "Mozilla/5.0 (compatible; Googlebot/2.1; +http://www.google.com/bot.html)"
180.76.5.94 - - [30/Mar/2015:10:48:29 +0800] "GET /problem/stat/1708?language=0 HTTP/1.1" 404 2476 "-" "Mozilla/5.0 (compatible; Baiduspider/2.0; +http://www.baidu.com/search/spider.html)"
220.181.51.81 - - [30/Mar/2015:10:52:54 +0800] "GET /problem/index/p/9 HTTP/1.1" 404 2476 "-" "Mozilla/5.0 (Windows NT 5.1; rv:6.0.2) Gecko/20100101 Firefox/6.0.2"
180.76.6.150 - - [30/Mar/2015:10:53:33 +0800] "GET /problem/stat/2056?orderby=mem&l= HTTP/1.1" 404 2476 "-" "Mozilla/5.0 (compatible; Baiduspider/2.0; +http://www.baidu.com/search/spider.html)"
180.76.5.166 - - [30/Mar/2015:10:58:33 +0800] "GET /problem/stat?id=1234 HTTP/1.1" 404 2476 "-" "Mozilla/5.0 (compatible; Baiduspider/2.0; +http://www.baidu.com/search/spider.html)"
66.249.71.175 - - [30/Mar/2015:11:02:29 +0800] "GET /problem/search?field=source&key=NOI+99 HTTP/1.1" 404 2476 "-" "Mozilla/5.0 (iPhone; CPU iPhone OS 6_0 like Mac OS X) AppleWebKit/536.26 (KHTML, like Gecko) Version/6.0 Mobile/10A5376e Safari/8536.25 (compatible; Googlebot/2.1; +http://www.google.com/bot.html)"
180.76.5.170 - - [30/Mar/2015:11:03:35 +0800] "GET /problem/stat/1227?language=1 HTTP/1.1" 404 2476 "-" "Mozilla/5.0 (compatible; Baiduspider/2.0; +http://www.baidu.com/search/spider.html)"
180.76.5.19 - - [30/Mar/2015:11:16:31 +0800] "GET /problem/stat/1579?language=0 HTTP/1.1" 404 2476 "-" "Mozilla/5.0 (compatible; Baiduspider/2.0; +http://www.baidu.com/search/spider.html)"
180.76.5.75 - - [30/Mar/2015:11:26:35 +0800] "GET /problem/stat/1843?orderby=mem&l= HTTP/1.1" 404 2476 "-" "Mozilla/5.0 (compatible; Baiduspider/2.0; +http://www.baidu.com/search/spider.html)"
24.87.194.44 - - [30/Mar/2015:11:28:35 +0800] "GET /home HTTP/1.1" 302 364 "-" "Mozilla/5.0 (Macintosh; Intel Mac OS X 10_9_5) AppleWebKit/537.36 (KHTML, like Gecko) Chrome/41.0.2272.101 Safari/537.36"
24.87.194.44 - - [30/Mar/2015:11:28:35 +0800] "GET /auth/login HTTP/1.1" 200 1298 "-" "Mozilla/5.0 (Macintosh; Intel Mac OS X 10_9_5) AppleWebKit/537.36 (KHTML, like Gecko) Chrome/41.0.2272.101 Safari/537.36"
24.87.194.44 - - [30/Mar/2015:11:28:36 +0800] "GET /css/app.css HTTP/1.1" 304 0 "http://nucoj.com/auth/login" "Mozilla/5.0 (Macintosh; Intel Mac OS X 10_9_5) AppleWebKit/537.36 (KHTML, like Gecko) Chrome/41.0.2272.101 Safari/537.36"
24.87.194.44 - - [30/Mar/2015:11:29:16 +0800] "GET /auth/login HTTP/1.1" 200 1294 "-" "Mozilla/5.0 (Macintosh; Intel Mac OS X 10_9_5) AppleWebKit/537.36 (KHTML, like Gecko) Chrome/41.0.2272.101 Safari/537.36"
24.87.194.44 - - [30/Mar/2015:11:29:17 +0800] "GET /css/app.css HTTP/1.1" 304 0 "http://nucoj.com/auth/login" "Mozilla/5.0 (Macintosh; Intel Mac OS X 10_9_5) AppleWebKit/537.36 (KHTML, like Gecko) Chrome/41.0.2272.101 Safari/537.36"
66.249.71.209 - - [30/Mar/2015:11:32:55 +0800] "GET /problem/search?field=source&key=Stanford+Local+2005 HTTP/1.1" 404 2476 "-" "Mozilla/5.0 (iPhone; CPU iPhone OS 6_0 like Mac OS X) AppleWebKit/536.26 (KHTML, like Gecko) Version/6.0 Mobile/10A5376e Safari/8536.25 (compatible; Googlebot/2.1; +http://www.google.com/bot.html)"
180.76.6.147 - - [30/Mar/2015:11:40:38 +0800] "GET /problem/stat?id=1288 HTTP/1.1" 404 2476 "-" "Mozilla/5.0 (compatible; Baiduspider/2.0; +http://www.baidu.com/search/spider.html)"
